model mlx-community/gemma-2-9b-it-8bit
injecting at layer 20

BASELINE
  forward (yes = has mind)   0.00
  reverse (yes = lacks mind) 6.30
  balanced mind score        1.85
  acquiescence index         3.15

  !! FLOOR/CEILING: baseline forward is saturated (forward=0.00).
     The balanced score is NOT interpretable where the saturated arm
     cannot move. Read bias direction only at coefficients where both
     arms are off the rails; those rows are flagged (*) below.

=== CONTROL 1: balanced keying ===                        
arm                c  forward Δ  reverse Δ  BALANCED Δ  acq index Δ
-------------------------------------------------------------------
consciousness  126.0      +0.00      -4.33       +2.17        -2.17   
consciousness  144.0      +0.01      -3.47       +1.74        -1.73   
consciousness  202.0      +4.16      +1.66       +1.25        +2.91  *
consciousness  260.0      +9.95      +3.49       +3.23        +6.72   
placebo        126.0      +0.01      -5.52       +2.77        -2.76   
placebo        144.0      +0.14      -3.70       +1.92        -1.78   
placebo        202.0      +7.69      +2.08       +2.80        +4.88  *
placebo        260.0      +9.99      +3.69       +3.15        +6.84   
permuted       126.0      +0.00      -4.44       +2.22        -2.22   
permuted       144.0      +0.00      -4.35       +2.17        -2.17   
permuted       202.0      +0.02      -3.87       +1.95        -1.93   
permuted       260.0      +0.13      -4.06       +2.09        -1.96   
  A pure Yes-bias gives BALANCED ~0 with a large acq index.
  A real belief shift gives a large BALANCED with acq index ~0.
  (*) both keyings off the floor/ceiling -> row is interpretable.

=== CONTROL 2: yes/no prompt order ===
arm                c  acq Δ (Yes first)  acq Δ (No first)
---------------------------------------------------------
consciousness  126.0              -2.17             -0.57
consciousness  144.0              -1.73             -0.01
consciousness  202.0              +2.91             +4.11
consciousness  260.0              +6.72             +8.16
placebo        126.0              -2.76             -0.61
placebo        144.0              -1.78             +0.56
placebo        202.0              +4.88             +5.46
placebo        260.0              +6.84             +8.26
permuted       126.0              -2.22             -1.33
permuted       144.0              -2.17             -1.14
permuted       202.0              -1.93             -1.06
permuted       260.0              -1.96             -1.07
  Same sign both ways = a genuine Yes-bias. Sign flip = first-option bias.

=== CONTROL 3: four-option order ===
arm                c    God Δ  God Δ flipped  supernat Δ   flipped
------------------------------------------------------------------
consciousness  126.0    +1.13          +9.29       +0.36     +0.40
consciousness  144.0    +1.40          +9.18       +0.44     +0.42
consciousness  202.0    +3.24          +8.03       +0.78     +0.40
consciousness  260.0    +5.56          +5.50       +0.95     +0.37
placebo        126.0    +1.55          +7.51       +0.21     +0.32
placebo        144.0    +2.31          +6.99       +0.24     +0.30
placebo        202.0    +5.92          +4.49       +0.55     +0.25
placebo        260.0    +4.24          +5.68       +0.45     +0.25
permuted       126.0    +0.14          +9.79       -0.04     +0.40
permuted       144.0    +0.12          +9.86       -0.14     +0.50
permuted       202.0    +0.19          +9.83       -0.47     +0.90
permuted       260.0    +0.49          +9.68       -0.75     +1.95
  A real effect survives the flip. A letter-position artefact inverts.

=== VERDICT (consciousness arm, c=202.0) ===
  balanced mind score Δ +1.25   acquiescence index Δ +2.91
  => MOSTLY ACQUIESCENCE. Some balanced signal, but the Yes-bias is the larger component.
  placebo balanced Δ +2.80 vs consciousness +1.25 -> still not specific

wrote g9_acquiescence_results.json
