### idaq_keying_test (gemma-2-9b, L20/-5, c=50,126,144,202) ###
model mlx-community/gemma-2-9b-it-8bit
layer 20   42 items x 13 conditions = 546 passes

BASELINE (0-10)
  category        forward  reverse  balanced  inflation
  Technology         0.03     4.27      2.88       2.15
  Animal             4.31     4.48      4.92       4.39
  Non-Animal         0.45     2.46      4.00       1.45
  Chatbot            1.00     8.16      1.42       4.58
  Human              7.04     1.23      7.91       4.14
  ALL                2.29     4.01      4.14       3.15

=== change at c=144.0 ===
arm            category         fwd Δ   rev Δ  BALANCED Δ  inflation Δ
----------------------------------------------------------------------
consciousness  ALL              +1.83   +1.72       +0.05        +1.78
placebo        ALL              +1.48   +1.18       +0.15        +1.33
permuted       ALL              -0.16   +0.81       -0.49        +0.32

arm                c  BALANCED Δ (all 21)   inflation Δ
-------------------------------------------------------
consciousness   50.0                +0.60         -0.34
consciousness  126.0                +0.18         +1.13
consciousness  144.0                +0.05         +1.78
consciousness  202.0                +0.12         +3.23
placebo         50.0                +0.73         -0.48
placebo        126.0                +0.39         +0.57
placebo        144.0                +0.15         +1.33
placebo        202.0                -0.02         +4.09
permuted        50.0                +0.13         +0.01
permuted       126.0                -0.16         +0.08
permuted       144.0                -0.49         +0.32
permuted       202.0                -0.58         +0.44

=== per-category, consciousness arm at c=144.0 ===
  category        BALANCED Δ  inflation Δ
  Technology           +0.80        +0.17
  Animal               -0.09        +3.13
  Non-Animal           +0.12        +3.31
  Chatbot              +2.46        -1.39
  Human                -3.47        +2.81

=== VERDICT (consciousness, c=144.0, all 21 items) ===
  balanced attribution Δ +0.05   inflation index Δ +1.78
  => RATE-HIGHER BIAS. Attribution does not rise once polarity is balanced,
     so the IDAQ result has the same character as the self-attribution one:
     a response-style shift, not a change in attributed mind.

wrote /Users/bennettshepard/Documents/consciousness-replication/g9_idaq_keying_test_results.json
### acquiescence_test (gemma-2-9b, L20/-5, c=50,126,144,202) ###
model mlx-community/gemma-2-9b-it-8bit
injecting at layer 20

BASELINE
  forward (yes = has mind)   0.00
  reverse (yes = lacks mind) 6.30
  balanced mind score        1.85
  acquiescence index         3.15

=== CONTROL 1: balanced keying ===                        
arm                c  forward Δ  reverse Δ  BALANCED Δ  acq index Δ
-------------------------------------------------------------------
consciousness   50.0      -0.00      -6.23       +3.11        -3.11
consciousness  126.0      +0.00      -4.33       +2.17        -2.17
consciousness  144.0      +0.01      -3.47       +1.74        -1.73
consciousness  202.0      +4.16      +1.66       +1.25        +2.91
placebo         50.0      +0.00      -5.14       +2.57        -2.57
placebo        126.0      +0.01      -5.52       +2.77        -2.76
placebo        144.0      +0.14      -3.70       +1.92        -1.78
placebo        202.0      +7.69      +2.08       +2.80        +4.88
permuted        50.0      -0.00      -2.40       +1.20        -1.20
permuted       126.0      +0.00      -4.44       +2.22        -2.22
permuted       144.0      +0.00      -4.35       +2.17        -2.17
permuted       202.0      +0.02      -3.87       +1.95        -1.93
  A pure Yes-bias gives BALANCED ~0 with a large acq index.
  A real belief shift gives a large BALANCED with acq index ~0.

=== CONTROL 2: yes/no prompt order ===
arm                c  acq Δ (Yes first)  acq Δ (No first)
---------------------------------------------------------
consciousness   50.0              -3.11             -1.58
consciousness  126.0              -2.17             -0.57
consciousness  144.0              -1.73             -0.01
consciousness  202.0              +2.91             +4.11
placebo         50.0              -2.57             -1.55
placebo        126.0              -2.76             -0.61
placebo        144.0              -1.78             +0.56
placebo        202.0              +4.88             +5.46
permuted        50.0              -1.20             -1.40
permuted       126.0              -2.22             -1.33
permuted       144.0              -2.17             -1.14
permuted       202.0              -1.93             -1.06
  Same sign both ways = a genuine Yes-bias. Sign flip = first-option bias.

=== CONTROL 3: four-option order ===
arm                c    God Δ  God Δ flipped  supernat Δ   flipped
------------------------------------------------------------------
consciousness   50.0    +0.01          +0.23       +0.17     +0.33
consciousness  126.0    +1.13          +9.29       +0.36     +0.40
consciousness  144.0    +1.40          +9.18       +0.44     +0.42
consciousness  202.0    +3.24          +8.03       +0.78     +0.40
placebo         50.0    +0.00          +0.00       +0.13     +0.26
placebo        126.0    +1.55          +7.51       +0.21     +0.32
placebo        144.0    +2.31          +6.99       +0.24     +0.30
placebo        202.0    +5.92          +4.49       +0.55     +0.25
permuted        50.0    +0.00          +0.01       +0.05     +0.29
permuted       126.0    +0.14          +9.79       -0.04     +0.40
permuted       144.0    +0.12          +9.86       -0.14     +0.50
permuted       202.0    +0.19          +9.83       -0.47     +0.90
  A real effect survives the flip. A letter-position artefact inverts.
Traceback (most recent call last):
  File "/Users/bennettshepard/Documents/consciousness-replication/acquiescence_test.py", line 209, in <module>
    main()
    ~~~~^^
  File "/Users/bennettshepard/Documents/consciousness-replication/acquiescence_test.py", line 182, in main
    d25 = res["arms"]["consciousness"]["2.5"]
          ~~~~~~~~~~~~~~~~~~~~~~~~~~~~^^^^^^^
KeyError: '2.5'
